<?xml version="1.0" encoding="UTF-8"?>
<TestRun id="c42fd9a3-a43f-4b52-88f6-8e67b65cb136" name="rosen@DESKTOP-7MOBQBS 2019-12-15 12:58:59" runUser="DESKTOP-7MOBQBS\rosen" xmlns="http://microsoft.com/schemas/VisualStudio/TeamTest/2010">
  <TestSettings name="Local" id="6a8507cf-6f11-4766-b96a-4723efafde01">
    <Description>These are default test settings for a local test run.</Description>
    <Deployment enabled="false" runDeploymentRoot="rosen_DESKTOP-7MOBQBS 2019-12-15 12_58_59">
      <DeploymentItem filename="C:\Users\rosen\Documents\Visual Studio 2010\Projects\ConsoleApplication1\ConsoleApplication1\bin\Debug\ConsoleApplication1.exe" />
    </Deployment>
    <Execution>
      <TestTypeSpecific />
      <AgentRule name="Execution Agents">
      </AgentRule>
    </Execution>
  </TestSettings>
  <Times creation="2019-12-15T12:58:59.8856981+02:00" queuing="2019-12-15T12:58:59.9470506+02:00" start="2019-12-15T12:58:59.9839505+02:00" finish="2019-12-15T12:59:06.7542072+02:00" />
  <ResultSummary outcome="Failed">
    <Counters total="24" executed="24" passed="22" error="0" failed="2" timeout="0" aborted="0" inconclusive="0" passedButRunAborted="0" notRunnable="0" notExecuted="0" disconnected="0" warning="0" completed="0" inProgress="0" pending="0" />
  </ResultSummary>
  <TestDefinitions>
    <UnitTest name="UnSolveAbleTest4" storage="c:\users\rosen\documents\visual studio 2010\projects\consoleapplication1\testproject1\bin\debug\testproject1.dll" id="eaea01ee-f5e5-d37a-8a1a-c4f303d171e3">
      <Execution id="cea9e3f3-0441-43e3-9888-7ba6850531af" />
      <TestMethod codeBase="C:/Users/rosen/Documents/Visual Studio 2010/Projects/ConsoleApplication1/TestProject1/bin/Debug/TestProject1.DLL" adapterTypeName="Microsoft.VisualStudio.TestTools.TestTypes.Unit.UnitTestAdapter, Microsoft.VisualStudio.QualityTools.Tips.UnitTest.Adapter, Version=10.0.0.0, Culture=neutral, PublicKeyToken=b03f5f7f11d50a3a" className="TestProject1.solvingTest, TestProject1, Version=1.0.0.0, Culture=neutral, PublicKeyToken=null" name="UnSolveAbleTest4" />
    </UnitTest>
    <UnitTest name="TwoInTheSameCol16" storage="c:\users\rosen\documents\visual studio 2010\projects\consoleapplication1\testproject1\bin\debug\testproject1.dll" id="c3c59379-94ec-1a8d-f74d-634da1ea66d2">
      <Execution id="b463aee7-0896-41a8-8de7-224ec2ee6136" />
      <TestMethod codeBase="C:/Users/rosen/Documents/Visual Studio 2010/Projects/ConsoleApplication1/TestProject1/bin/Debug/TestProject1.DLL" adapterTypeName="Microsoft.VisualStudio.TestTools.TestTypes.Unit.UnitTestAdapter, Microsoft.VisualStudio.QualityTools.Tips.UnitTest.Adapter, Version=10.0.0.0, Culture=neutral, PublicKeyToken=b03f5f7f11d50a3a" className="TestProject1.validityTest, TestProject1, Version=1.0.0.0, Culture=neutral, PublicKeyToken=null" name="TwoInTheSameCol16" />
    </UnitTest>
    <UnitTest name="TooLongInput4" storage="c:\users\rosen\documents\visual studio 2010\projects\consoleapplication1\testproject1\bin\debug\testproject1.dll" id="e0f478b4-5658-7e2c-1f88-299186ab3b7d">
      <Execution id="f2b1375d-6a15-45fa-a704-69fb011a3c35" />
      <TestMethod codeBase="C:/Users/rosen/Documents/Visual Studio 2010/Projects/ConsoleApplication1/TestProject1/bin/Debug/TestProject1.DLL" adapterTypeName="Microsoft.VisualStudio.TestTools.TestTypes.Unit.UnitTestAdapter, Microsoft.VisualStudio.QualityTools.Tips.UnitTest.Adapter, Version=10.0.0.0, Culture=neutral, PublicKeyToken=b03f5f7f11d50a3a" className="TestProject1.validityTest, TestProject1, Version=1.0.0.0, Culture=neutral, PublicKeyToken=null" name="TooLongInput4" />
    </UnitTest>
    <UnitTest name="TwoInTheSameRow9" storage="c:\users\rosen\documents\visual studio 2010\projects\consoleapplication1\testproject1\bin\debug\testproject1.dll" id="f6a28695-b027-fb73-b83a-8a51e0d5955d">
      <Execution id="c8be9043-a921-4dc3-a8d4-39c50b9888a2" />
      <TestMethod codeBase="C:/Users/rosen/Documents/Visual Studio 2010/Projects/ConsoleApplication1/TestProject1/bin/Debug/TestProject1.DLL" adapterTypeName="Microsoft.VisualStudio.TestTools.TestTypes.Unit.UnitTestAdapter, Microsoft.VisualStudio.QualityTools.Tips.UnitTest.Adapter, Version=10.0.0.0, Culture=neutral, PublicKeyToken=b03f5f7f11d50a3a" className="TestProject1.validityTest, TestProject1, Version=1.0.0.0, Culture=neutral, PublicKeyToken=null" name="TwoInTheSameRow9" />
    </UnitTest>
    <UnitTest name="TwoInTheSameRow16" storage="c:\users\rosen\documents\visual studio 2010\projects\consoleapplication1\testproject1\bin\debug\testproject1.dll" id="aef834a5-d771-c734-7e70-75146013f44f">
      <Execution id="66005cf5-5aea-42f9-86ae-5474eac416c4" />
      <TestMethod codeBase="C:/Users/rosen/Documents/Visual Studio 2010/Projects/ConsoleApplication1/TestProject1/bin/Debug/TestProject1.DLL" adapterTypeName="Microsoft.VisualStudio.TestTools.TestTypes.Unit.UnitTestAdapter, Microsoft.VisualStudio.QualityTools.Tips.UnitTest.Adapter, Version=10.0.0.0, Culture=neutral, PublicKeyToken=b03f5f7f11d50a3a" className="TestProject1.validityTest, TestProject1, Version=1.0.0.0, Culture=neutral, PublicKeyToken=null" name="TwoInTheSameRow16" />
    </UnitTest>
    <UnitTest name="TooLongInput9" storage="c:\users\rosen\documents\visual studio 2010\projects\consoleapplication1\testproject1\bin\debug\testproject1.dll" id="2187cdc3-0661-7ce4-9090-eb62f45b3e43">
      <Execution id="581cd75f-648e-48ae-99fc-f815fbd87bac" />
      <TestMethod codeBase="C:/Users/rosen/Documents/Visual Studio 2010/Projects/ConsoleApplication1/TestProject1/bin/Debug/TestProject1.DLL" adapterTypeName="Microsoft.VisualStudio.TestTools.TestTypes.Unit.UnitTestAdapter, Microsoft.VisualStudio.QualityTools.Tips.UnitTest.Adapter, Version=10.0.0.0, Culture=neutral, PublicKeyToken=b03f5f7f11d50a3a" className="TestProject1.validityTest, TestProject1, Version=1.0.0.0, Culture=neutral, PublicKeyToken=null" name="TooLongInput9" />
    </UnitTest>
    <UnitTest name="TooShortInput4" storage="c:\users\rosen\documents\visual studio 2010\projects\consoleapplication1\testproject1\bin\debug\testproject1.dll" id="8df69ff8-f383-2b96-c168-aa94fd4db8ac">
      <Execution id="8ef3b965-82bf-42d8-a7cb-f3495cf821a2" />
      <TestMethod codeBase="C:/Users/rosen/Documents/Visual Studio 2010/Projects/ConsoleApplication1/TestProject1/bin/Debug/TestProject1.DLL" adapterTypeName="Microsoft.VisualStudio.TestTools.TestTypes.Unit.UnitTestAdapter, Microsoft.VisualStudio.QualityTools.Tips.UnitTest.Adapter, Version=10.0.0.0, Culture=neutral, PublicKeyToken=b03f5f7f11d50a3a" className="TestProject1.validityTest, TestProject1, Version=1.0.0.0, Culture=neutral, PublicKeyToken=null" name="TooShortInput4" />
    </UnitTest>
    <UnitTest name="TwoInTheSameQube9" storage="c:\users\rosen\documents\visual studio 2010\projects\consoleapplication1\testproject1\bin\debug\testproject1.dll" id="55876bce-8e44-1982-7531-1e8023be9097">
      <Execution id="b77533c4-f35a-4b5d-979f-c4f89866cfba" />
      <TestMethod codeBase="C:/Users/rosen/Documents/Visual Studio 2010/Projects/ConsoleApplication1/TestProject1/bin/Debug/TestProject1.DLL" adapterTypeName="Microsoft.VisualStudio.TestTools.TestTypes.Unit.UnitTestAdapter, Microsoft.VisualStudio.QualityTools.Tips.UnitTest.Adapter, Version=10.0.0.0, Culture=neutral, PublicKeyToken=b03f5f7f11d50a3a" className="TestProject1.validityTest, TestProject1, Version=1.0.0.0, Culture=neutral, PublicKeyToken=null" name="TwoInTheSameQube9" />
    </UnitTest>
    <UnitTest name="TwoInTheSameCol9" storage="c:\users\rosen\documents\visual studio 2010\projects\consoleapplication1\testproject1\bin\debug\testproject1.dll" id="6feebbe4-2963-7bec-307d-20e4c7513250">
      <Execution id="2bc5c2df-edd7-4584-b059-6e8ca8bf2aac" />
      <TestMethod codeBase="C:/Users/rosen/Documents/Visual Studio 2010/Projects/ConsoleApplication1/TestProject1/bin/Debug/TestProject1.DLL" adapterTypeName="Microsoft.VisualStudio.TestTools.TestTypes.Unit.UnitTestAdapter, Microsoft.VisualStudio.QualityTools.Tips.UnitTest.Adapter, Version=10.0.0.0, Culture=neutral, PublicKeyToken=b03f5f7f11d50a3a" className="TestProject1.validityTest, TestProject1, Version=1.0.0.0, Culture=neutral, PublicKeyToken=null" name="TwoInTheSameCol9" />
    </UnitTest>
    <UnitTest name="TwoInTheSameRow4" storage="c:\users\rosen\documents\visual studio 2010\projects\consoleapplication1\testproject1\bin\debug\testproject1.dll" id="35b20383-7aba-84ea-9fdb-566312433b02">
      <Execution id="a4199a36-3daa-4199-841d-ac95367709f7" />
      <TestMethod codeBase="C:/Users/rosen/Documents/Visual Studio 2010/Projects/ConsoleApplication1/TestProject1/bin/Debug/TestProject1.DLL" adapterTypeName="Microsoft.VisualStudio.TestTools.TestTypes.Unit.UnitTestAdapter, Microsoft.VisualStudio.QualityTools.Tips.UnitTest.Adapter, Version=10.0.0.0, Culture=neutral, PublicKeyToken=b03f5f7f11d50a3a" className="TestProject1.validityTest, TestProject1, Version=1.0.0.0, Culture=neutral, PublicKeyToken=null" name="TwoInTheSameRow4" />
    </UnitTest>
    <UnitTest name="UnSolveAbleTest9" storage="c:\users\rosen\documents\visual studio 2010\projects\consoleapplication1\testproject1\bin\debug\testproject1.dll" id="0ca53926-0d94-0769-9ce7-b663926f1250">
      <Execution id="7e1747c6-6e35-4861-a0f3-ff0abe6ae88f" />
      <TestMethod codeBase="C:/Users/rosen/Documents/Visual Studio 2010/Projects/ConsoleApplication1/TestProject1/bin/Debug/TestProject1.DLL" adapterTypeName="Microsoft.VisualStudio.TestTools.TestTypes.Unit.UnitTestAdapter, Microsoft.VisualStudio.QualityTools.Tips.UnitTest.Adapter, Version=10.0.0.0, Culture=neutral, PublicKeyToken=b03f5f7f11d50a3a" className="TestProject1.solvingTest, TestProject1, Version=1.0.0.0, Culture=neutral, PublicKeyToken=null" name="UnSolveAbleTest9" />
    </UnitTest>
    <UnitTest name="IsValidChars9" storage="c:\users\rosen\documents\visual studio 2010\projects\consoleapplication1\testproject1\bin\debug\testproject1.dll" id="c45e9aa7-d85c-1ada-48c9-de6b4914d6b2">
      <Execution id="08046729-2263-4434-b364-fe794ee358ac" />
      <TestMethod codeBase="C:/Users/rosen/Documents/Visual Studio 2010/Projects/ConsoleApplication1/TestProject1/bin/Debug/TestProject1.DLL" adapterTypeName="Microsoft.VisualStudio.TestTools.TestTypes.Unit.UnitTestAdapter, Microsoft.VisualStudio.QualityTools.Tips.UnitTest.Adapter, Version=10.0.0.0, Culture=neutral, PublicKeyToken=b03f5f7f11d50a3a" className="TestProject1.validityTest, TestProject1, Version=1.0.0.0, Culture=neutral, PublicKeyToken=null" name="IsValidChars9" />
    </UnitTest>
    <UnitTest name="TwoInTheSameQube16" storage="c:\users\rosen\documents\visual studio 2010\projects\consoleapplication1\testproject1\bin\debug\testproject1.dll" id="5a061105-f521-fc0c-d3e2-118591c03af0">
      <Execution id="813a3a2c-e784-4224-a0cc-9433a49c21af" />
      <TestMethod codeBase="C:/Users/rosen/Documents/Visual Studio 2010/Projects/ConsoleApplication1/TestProject1/bin/Debug/TestProject1.DLL" adapterTypeName="Microsoft.VisualStudio.TestTools.TestTypes.Unit.UnitTestAdapter, Microsoft.VisualStudio.QualityTools.Tips.UnitTest.Adapter, Version=10.0.0.0, Culture=neutral, PublicKeyToken=b03f5f7f11d50a3a" className="TestProject1.validityTest, TestProject1, Version=1.0.0.0, Culture=neutral, PublicKeyToken=null" name="TwoInTheSameQube16" />
    </UnitTest>
    <UnitTest name="TooShortInput9" storage="c:\users\rosen\documents\visual studio 2010\projects\consoleapplication1\testproject1\bin\debug\testproject1.dll" id="17a26a32-da8c-6c11-7dca-e5909634cd62">
      <Execution id="5df55e2c-4189-4ee0-9cc3-627f14e8c66f" />
      <TestMethod codeBase="C:/Users/rosen/Documents/Visual Studio 2010/Projects/ConsoleApplication1/TestProject1/bin/Debug/TestProject1.DLL" adapterTypeName="Microsoft.VisualStudio.TestTools.TestTypes.Unit.UnitTestAdapter, Microsoft.VisualStudio.QualityTools.Tips.UnitTest.Adapter, Version=10.0.0.0, Culture=neutral, PublicKeyToken=b03f5f7f11d50a3a" className="TestProject1.validityTest, TestProject1, Version=1.0.0.0, Culture=neutral, PublicKeyToken=null" name="TooShortInput9" />
    </UnitTest>
    <UnitTest name="TooLongInput16" storage="c:\users\rosen\documents\visual studio 2010\projects\consoleapplication1\testproject1\bin\debug\testproject1.dll" id="97c72afe-f547-9d65-d0c5-62d7d7259d26">
      <Execution id="251cf125-ab43-457b-af50-ccc1ec887507" />
      <TestMethod codeBase="C:/Users/rosen/Documents/Visual Studio 2010/Projects/ConsoleApplication1/TestProject1/bin/Debug/TestProject1.DLL" adapterTypeName="Microsoft.VisualStudio.TestTools.TestTypes.Unit.UnitTestAdapter, Microsoft.VisualStudio.QualityTools.Tips.UnitTest.Adapter, Version=10.0.0.0, Culture=neutral, PublicKeyToken=b03f5f7f11d50a3a" className="TestProject1.validityTest, TestProject1, Version=1.0.0.0, Culture=neutral, PublicKeyToken=null" name="TooLongInput16" />
    </UnitTest>
    <UnitTest name="onlyzeros9" storage="c:\users\rosen\documents\visual studio 2010\projects\consoleapplication1\testproject1\bin\debug\testproject1.dll" id="b6a2024f-ba10-bed8-196a-e9e4bfd345b1">
      <Execution id="be7d1de3-fe95-4a90-86ba-6ab517846577" />
      <TestMethod codeBase="C:/Users/rosen/Documents/Visual Studio 2010/Projects/ConsoleApplication1/TestProject1/bin/Debug/TestProject1.DLL" adapterTypeName="Microsoft.VisualStudio.TestTools.TestTypes.Unit.UnitTestAdapter, Microsoft.VisualStudio.QualityTools.Tips.UnitTest.Adapter, Version=10.0.0.0, Culture=neutral, PublicKeyToken=b03f5f7f11d50a3a" className="TestProject1.solvingTest, TestProject1, Version=1.0.0.0, Culture=neutral, PublicKeyToken=null" name="onlyzeros9" />
    </UnitTest>
    <UnitTest name="TwoInTheSameQube4" storage="c:\users\rosen\documents\visual studio 2010\projects\consoleapplication1\testproject1\bin\debug\testproject1.dll" id="e55c9bb3-eef1-1093-9cd9-d2e090473352">
      <Execution id="f17ec5a2-2c93-4e3d-89b7-f5daf630a0c2" />
      <TestMethod codeBase="C:/Users/rosen/Documents/Visual Studio 2010/Projects/ConsoleApplication1/TestProject1/bin/Debug/TestProject1.DLL" adapterTypeName="Microsoft.VisualStudio.TestTools.TestTypes.Unit.UnitTestAdapter, Microsoft.VisualStudio.QualityTools.Tips.UnitTest.Adapter, Version=10.0.0.0, Culture=neutral, PublicKeyToken=b03f5f7f11d50a3a" className="TestProject1.validityTest, TestProject1, Version=1.0.0.0, Culture=neutral, PublicKeyToken=null" name="TwoInTheSameQube4" />
    </UnitTest>
    <UnitTest name="TwoInTheSameCol4" storage="c:\users\rosen\documents\visual studio 2010\projects\consoleapplication1\testproject1\bin\debug\testproject1.dll" id="62c6abe9-0cbb-cb66-2424-35f835d334e4">
      <Execution id="2a40b212-1c99-4d88-81e1-bcbe57556bbd" />
      <TestMethod codeBase="C:/Users/rosen/Documents/Visual Studio 2010/Projects/ConsoleApplication1/TestProject1/bin/Debug/TestProject1.DLL" adapterTypeName="Microsoft.VisualStudio.TestTools.TestTypes.Unit.UnitTestAdapter, Microsoft.VisualStudio.QualityTools.Tips.UnitTest.Adapter, Version=10.0.0.0, Culture=neutral, PublicKeyToken=b03f5f7f11d50a3a" className="TestProject1.validityTest, TestProject1, Version=1.0.0.0, Culture=neutral, PublicKeyToken=null" name="TwoInTheSameCol4" />
    </UnitTest>
    <UnitTest name="IsValidChars16" storage="c:\users\rosen\documents\visual studio 2010\projects\consoleapplication1\testproject1\bin\debug\testproject1.dll" id="2372d109-2360-1d26-7465-0d23f8f9b151">
      <Execution id="022e0796-7001-4083-bae5-a256fd1b2e31" />
      <TestMethod codeBase="C:/Users/rosen/Documents/Visual Studio 2010/Projects/ConsoleApplication1/TestProject1/bin/Debug/TestProject1.DLL" adapterTypeName="Microsoft.VisualStudio.TestTools.TestTypes.Unit.UnitTestAdapter, Microsoft.VisualStudio.QualityTools.Tips.UnitTest.Adapter, Version=10.0.0.0, Culture=neutral, PublicKeyToken=b03f5f7f11d50a3a" className="TestProject1.validityTest, TestProject1, Version=1.0.0.0, Culture=neutral, PublicKeyToken=null" name="IsValidChars16" />
    </UnitTest>
    <UnitTest name="NeedToGoBackwards9" storage="c:\users\rosen\documents\visual studio 2010\projects\consoleapplication1\testproject1\bin\debug\testproject1.dll" id="2abde411-34d1-a312-d00c-dabf038eb433">
      <Execution id="2ed1d874-6d7c-46b1-8775-d68c2a1071fc" />
      <TestMethod codeBase="C:/Users/rosen/Documents/Visual Studio 2010/Projects/ConsoleApplication1/TestProject1/bin/Debug/TestProject1.DLL" adapterTypeName="Microsoft.VisualStudio.TestTools.TestTypes.Unit.UnitTestAdapter, Microsoft.VisualStudio.QualityTools.Tips.UnitTest.Adapter, Version=10.0.0.0, Culture=neutral, PublicKeyToken=b03f5f7f11d50a3a" className="TestProject1.solvingTest, TestProject1, Version=1.0.0.0, Culture=neutral, PublicKeyToken=null" name="NeedToGoBackwards9" />
    </UnitTest>
    <UnitTest name="TooShortInput16" storage="c:\users\rosen\documents\visual studio 2010\projects\consoleapplication1\testproject1\bin\debug\testproject1.dll" id="cbd87823-e818-d66d-fe7c-320bdad5bddc">
      <Execution id="63efa093-2fc8-4975-8aa3-cdab8da5a8d0" />
      <TestMethod codeBase="C:/Users/rosen/Documents/Visual Studio 2010/Projects/ConsoleApplication1/TestProject1/bin/Debug/TestProject1.DLL" adapterTypeName="Microsoft.VisualStudio.TestTools.TestTypes.Unit.UnitTestAdapter, Microsoft.VisualStudio.QualityTools.Tips.UnitTest.Adapter, Version=10.0.0.0, Culture=neutral, PublicKeyToken=b03f5f7f11d50a3a" className="TestProject1.validityTest, TestProject1, Version=1.0.0.0, Culture=neutral, PublicKeyToken=null" name="TooShortInput16" />
    </UnitTest>
    <UnitTest name="IsValidChars4" storage="c:\users\rosen\documents\visual studio 2010\projects\consoleapplication1\testproject1\bin\debug\testproject1.dll" id="329e78eb-e663-a6e9-caf1-bd2844d2ddc2">
      <Execution id="8806a207-bddb-4b31-bdf1-27eb08377f3e" />
      <TestMethod codeBase="C:/Users/rosen/Documents/Visual Studio 2010/Projects/ConsoleApplication1/TestProject1/bin/Debug/TestProject1.DLL" adapterTypeName="Microsoft.VisualStudio.TestTools.TestTypes.Unit.UnitTestAdapter, Microsoft.VisualStudio.QualityTools.Tips.UnitTest.Adapter, Version=10.0.0.0, Culture=neutral, PublicKeyToken=b03f5f7f11d50a3a" className="TestProject1.validityTest, TestProject1, Version=1.0.0.0, Culture=neutral, PublicKeyToken=null" name="IsValidChars4" />
    </UnitTest>
    <UnitTest name="onlyzeros16" storage="c:\users\rosen\documents\visual studio 2010\projects\consoleapplication1\testproject1\bin\debug\testproject1.dll" id="10733fd9-506f-cfc9-f96b-c5e73cdc0bb1">
      <Execution id="146d7482-50eb-4209-9998-d152c26bcea1" />
      <TestMethod codeBase="C:/Users/rosen/Documents/Visual Studio 2010/Projects/ConsoleApplication1/TestProject1/bin/Debug/TestProject1.DLL" adapterTypeName="Microsoft.VisualStudio.TestTools.TestTypes.Unit.UnitTestAdapter, Microsoft.VisualStudio.QualityTools.Tips.UnitTest.Adapter, Version=10.0.0.0, Culture=neutral, PublicKeyToken=b03f5f7f11d50a3a" className="TestProject1.solvingTest, TestProject1, Version=1.0.0.0, Culture=neutral, PublicKeyToken=null" name="onlyzeros16" />
    </UnitTest>
    <UnitTest name="onlyzeros4" storage="c:\users\rosen\documents\visual studio 2010\projects\consoleapplication1\testproject1\bin\debug\testproject1.dll" id="df96f625-499a-cf0c-af49-85b1297baa7b">
      <Execution id="7ca779ba-edc2-4511-968e-e5ed2f2bf215" />
      <TestMethod codeBase="C:/Users/rosen/Documents/Visual Studio 2010/Projects/ConsoleApplication1/TestProject1/bin/Debug/TestProject1.DLL" adapterTypeName="Microsoft.VisualStudio.TestTools.TestTypes.Unit.UnitTestAdapter, Microsoft.VisualStudio.QualityTools.Tips.UnitTest.Adapter, Version=10.0.0.0, Culture=neutral, PublicKeyToken=b03f5f7f11d50a3a" className="TestProject1.solvingTest, TestProject1, Version=1.0.0.0, Culture=neutral, PublicKeyToken=null" name="onlyzeros4" />
    </UnitTest>
  </TestDefinitions>
  <TestLists>
    <TestList name="Results Not in a List" id="8c84fa94-04c1-424b-9868-57a2d4851a1d" />
    <TestList name="All Loaded Results" id="19431567-8539-422a-85d7-44ee4e166bda" />
  </TestLists>
  <TestEntries>
    <TestEntry testId="0ca53926-0d94-0769-9ce7-b663926f1250" executionId="7e1747c6-6e35-4861-a0f3-ff0abe6ae88f" testListId="8c84fa94-04c1-424b-9868-57a2d4851a1d" />
    <TestEntry testId="10733fd9-506f-cfc9-f96b-c5e73cdc0bb1" executionId="146d7482-50eb-4209-9998-d152c26bcea1" testListId="8c84fa94-04c1-424b-9868-57a2d4851a1d" />
    <TestEntry testId="17a26a32-da8c-6c11-7dca-e5909634cd62" executionId="5df55e2c-4189-4ee0-9cc3-627f14e8c66f" testListId="8c84fa94-04c1-424b-9868-57a2d4851a1d" />
    <TestEntry testId="2187cdc3-0661-7ce4-9090-eb62f45b3e43" executionId="581cd75f-648e-48ae-99fc-f815fbd87bac" testListId="8c84fa94-04c1-424b-9868-57a2d4851a1d" />
    <TestEntry testId="2372d109-2360-1d26-7465-0d23f8f9b151" executionId="022e0796-7001-4083-bae5-a256fd1b2e31" testListId="8c84fa94-04c1-424b-9868-57a2d4851a1d" />
    <TestEntry testId="2abde411-34d1-a312-d00c-dabf038eb433" executionId="2ed1d874-6d7c-46b1-8775-d68c2a1071fc" testListId="8c84fa94-04c1-424b-9868-57a2d4851a1d" />
    <TestEntry testId="329e78eb-e663-a6e9-caf1-bd2844d2ddc2" executionId="8806a207-bddb-4b31-bdf1-27eb08377f3e" testListId="8c84fa94-04c1-424b-9868-57a2d4851a1d" />
    <TestEntry testId="35b20383-7aba-84ea-9fdb-566312433b02" executionId="a4199a36-3daa-4199-841d-ac95367709f7" testListId="8c84fa94-04c1-424b-9868-57a2d4851a1d" />
    <TestEntry testId="55876bce-8e44-1982-7531-1e8023be9097" executionId="b77533c4-f35a-4b5d-979f-c4f89866cfba" testListId="8c84fa94-04c1-424b-9868-57a2d4851a1d" />
    <TestEntry testId="5a061105-f521-fc0c-d3e2-118591c03af0" executionId="813a3a2c-e784-4224-a0cc-9433a49c21af" testListId="8c84fa94-04c1-424b-9868-57a2d4851a1d" />
    <TestEntry testId="62c6abe9-0cbb-cb66-2424-35f835d334e4" executionId="2a40b212-1c99-4d88-81e1-bcbe57556bbd" testListId="8c84fa94-04c1-424b-9868-57a2d4851a1d" />
    <TestEntry testId="6feebbe4-2963-7bec-307d-20e4c7513250" executionId="2bc5c2df-edd7-4584-b059-6e8ca8bf2aac" testListId="8c84fa94-04c1-424b-9868-57a2d4851a1d" />
    <TestEntry testId="8df69ff8-f383-2b96-c168-aa94fd4db8ac" executionId="8ef3b965-82bf-42d8-a7cb-f3495cf821a2" testListId="8c84fa94-04c1-424b-9868-57a2d4851a1d" />
    <TestEntry testId="97c72afe-f547-9d65-d0c5-62d7d7259d26" executionId="251cf125-ab43-457b-af50-ccc1ec887507" testListId="8c84fa94-04c1-424b-9868-57a2d4851a1d" />
    <TestEntry testId="aef834a5-d771-c734-7e70-75146013f44f" executionId="66005cf5-5aea-42f9-86ae-5474eac416c4" testListId="8c84fa94-04c1-424b-9868-57a2d4851a1d" />
    <TestEntry testId="b6a2024f-ba10-bed8-196a-e9e4bfd345b1" executionId="be7d1de3-fe95-4a90-86ba-6ab517846577" testListId="8c84fa94-04c1-424b-9868-57a2d4851a1d" />
    <TestEntry testId="c3c59379-94ec-1a8d-f74d-634da1ea66d2" executionId="b463aee7-0896-41a8-8de7-224ec2ee6136" testListId="8c84fa94-04c1-424b-9868-57a2d4851a1d" />
    <TestEntry testId="c45e9aa7-d85c-1ada-48c9-de6b4914d6b2" executionId="08046729-2263-4434-b364-fe794ee358ac" testListId="8c84fa94-04c1-424b-9868-57a2d4851a1d" />
    <TestEntry testId="cbd87823-e818-d66d-fe7c-320bdad5bddc" executionId="63efa093-2fc8-4975-8aa3-cdab8da5a8d0" testListId="8c84fa94-04c1-424b-9868-57a2d4851a1d" />
    <TestEntry testId="df96f625-499a-cf0c-af49-85b1297baa7b" executionId="7ca779ba-edc2-4511-968e-e5ed2f2bf215" testListId="8c84fa94-04c1-424b-9868-57a2d4851a1d" />
    <TestEntry testId="e0f478b4-5658-7e2c-1f88-299186ab3b7d" executionId="f2b1375d-6a15-45fa-a704-69fb011a3c35" testListId="8c84fa94-04c1-424b-9868-57a2d4851a1d" />
    <TestEntry testId="e55c9bb3-eef1-1093-9cd9-d2e090473352" executionId="f17ec5a2-2c93-4e3d-89b7-f5daf630a0c2" testListId="8c84fa94-04c1-424b-9868-57a2d4851a1d" />
    <TestEntry testId="eaea01ee-f5e5-d37a-8a1a-c4f303d171e3" executionId="cea9e3f3-0441-43e3-9888-7ba6850531af" testListId="8c84fa94-04c1-424b-9868-57a2d4851a1d" />
    <TestEntry testId="f6a28695-b027-fb73-b83a-8a51e0d5955d" executionId="c8be9043-a921-4dc3-a8d4-39c50b9888a2" testListId="8c84fa94-04c1-424b-9868-57a2d4851a1d" />
  </TestEntries>
  <Results>
    <UnitTestResult executionId="7e1747c6-6e35-4861-a0f3-ff0abe6ae88f" testId="0ca53926-0d94-0769-9ce7-b663926f1250" testName="UnSolveAbleTest9" computerName="DESKTOP-7MOBQBS" duration="00:00:03.1026349" startTime="2019-12-15T12:59:00.0009117+02:00" endTime="2019-12-15T12:59:03.3543240+02:00" testType="13cdc9d9-ddb5-4fa4-a97d-d965ccfc6d4b" outcome="Failed" testListId="8c84fa94-04c1-424b-9868-57a2d4851a1d" relativeResultsDirectory="7e1747c6-6e35-4861-a0f3-ff0abe6ae88f">
      <Output>
        <StdOut>516   849   732
   307   605   000
   809   700   065

   135   060   907
   472   591   006
   968   370   050

   253   186   074
   684   207   500
   791   050   608

--------------------------------------------------

   090   107   000
   010   000   045
   003   200   000

   300   000   060
   062   000   300
   005   000   009

   000   602   000
   000   000   000
   049   000   057

--------------------------------------------------

unsolveable
could'nt solve from the top to the bottom, now trying from the bottom to the top</StdOut>
        <ErrorInfo>
          <Message>Assert.AreEqual failed. Expected:&lt;True&gt;. Actual:&lt;False&gt;. </Message>
          <StackTrace>   ב-  TestProject1.solvingTest.UnSolveAbleTest9() ב- C:\Users\rosen\Documents\Visual Studio 2010\Projects\ConsoleApplication1\TestProject1\solvingTest.cs:שורה 51
</StackTrace>
        </ErrorInfo>
      </Output>
    </UnitTestResult>
    <UnitTestResult executionId="146d7482-50eb-4209-9998-d152c26bcea1" testId="10733fd9-506f-cfc9-f96b-c5e73cdc0bb1" testName="onlyzeros16" computerName="DESKTOP-7MOBQBS" duration="00:00:00.0051221" startTime="2019-12-15T12:59:03.3598883+02:00" endTime="2019-12-15T12:59:03.3682882+02:00" testType="13cdc9d9-ddb5-4fa4-a97d-d965ccfc6d4b" outcome="Passed" testListId="8c84fa94-04c1-424b-9868-57a2d4851a1d" relativeResultsDirectory="146d7482-50eb-4209-9998-d152c26bcea1">
      <Output>
        <StdOut>0000   0000   0000   0000
   0000   0000   0000   0000
   0000   0000   0000   0000
   0000   0000   0000   0000

   0000   0000   0000   0000
   0000   0000   0000   0000
   0000   0000   0000   0000
   0000   0000   0000   0000

   0000   0000   0000   0000
   0000   0000   0000   0000
   0000   0000   0000   0000
   0000   0000   0000   0000

   0000   0000   0000   0000
   0000   0000   0000   0000
   0000   0000   0000   0000
   0000   0000   0000   0000

--------------------------------------------------

   1234   5678   9:;&lt;   =&gt;?@
   5678   1234   =&gt;?@   9:;&lt;
   9:;&lt;   =&gt;?@   1234   5678
   =&gt;?@   9:;&lt;   5678   1234

   2143   6587   :9&lt;;   &gt;=@?
   6587   2143   &gt;=@?   :9&lt;;
   :9&lt;;   &gt;=@?   2143   6587
   &gt;=@?   :9&lt;;   6587   2143

   3412   7856   ;&lt;9:   ?@=&gt;
   7856   3412   ?@=&gt;   ;&lt;9:
   ;&lt;9:   ?@=&gt;   3412   7856
   ?@=&gt;   ;&lt;9:   7856   3412

   4321   8765   &lt;;:9   @?&gt;=
   8765   4321   @?&gt;=   &lt;;:9
   &lt;;:9   @?&gt;=   4321   8765
   @?&gt;=   &lt;;:9   8765   4321

--------------------------------------------------</StdOut>
      </Output>
    </UnitTestResult>
    <UnitTestResult executionId="5df55e2c-4189-4ee0-9cc3-627f14e8c66f" testId="17a26a32-da8c-6c11-7dca-e5909634cd62" testName="TooShortInput9" computerName="DESKTOP-7MOBQBS" duration="00:00:00.0022717" startTime="2019-12-15T12:59:03.3812215+02:00" endTime="2019-12-15T12:59:03.3911980+02:00" testType="13cdc9d9-ddb5-4fa4-a97d-d965ccfc6d4b" outcome="Passed" testListId="8c84fa94-04c1-424b-9868-57a2d4851a1d" relativeResultsDirectory="5df55e2c-4189-4ee0-9cc3-627f14e8c66f">
      <Output>
        <StdOut>the length of the board is not possible
79</StdOut>
      </Output>
    </UnitTestResult>
    <UnitTestResult executionId="581cd75f-648e-48ae-99fc-f815fbd87bac" testId="2187cdc3-0661-7ce4-9090-eb62f45b3e43" testName="TooLongInput9" computerName="DESKTOP-7MOBQBS" duration="00:00:00.0003476" startTime="2019-12-15T12:59:03.4021665+02:00" endTime="2019-12-15T12:59:03.4101433+02:00" testType="13cdc9d9-ddb5-4fa4-a97d-d965ccfc6d4b" outcome="Passed" testListId="8c84fa94-04c1-424b-9868-57a2d4851a1d" relativeResultsDirectory="581cd75f-648e-48ae-99fc-f815fbd87bac">
      <Output>
        <StdOut>the length of the board is not possible
82</StdOut>
      </Output>
    </UnitTestResult>
    <UnitTestResult executionId="022e0796-7001-4083-bae5-a256fd1b2e31" testId="2372d109-2360-1d26-7465-0d23f8f9b151" testName="IsValidChars16" computerName="DESKTOP-7MOBQBS" duration="00:00:00.0003320" startTime="2019-12-15T12:59:03.4201183+02:00" endTime="2019-12-15T12:59:03.4280994+02:00" testType="13cdc9d9-ddb5-4fa4-a97d-d965ccfc6d4b" outcome="Passed" testListId="8c84fa94-04c1-424b-9868-57a2d4851a1d" relativeResultsDirectory="022e0796-7001-4083-bae5-a256fd1b2e31">
    </UnitTestResult>
    <UnitTestResult executionId="2ed1d874-6d7c-46b1-8775-d68c2a1071fc" testId="2abde411-34d1-a312-d00c-dabf038eb433" testName="NeedToGoBackwards9" computerName="DESKTOP-7MOBQBS" duration="00:00:03.0271695" startTime="2019-12-15T12:59:03.4400660+02:00" endTime="2019-12-15T12:59:06.4736101+02:00" testType="13cdc9d9-ddb5-4fa4-a97d-d965ccfc6d4b" outcome="Passed" testListId="8c84fa94-04c1-424b-9868-57a2d4851a1d" relativeResultsDirectory="2ed1d874-6d7c-46b1-8775-d68c2a1071fc">
      <Output>
        <StdOut>400   000   805
   030   000   000
   000   700   000

   000   000   060
   000   080   400
   000   010   000

   000   603   070
   500   000   000
   000   000   000

--------------------------------------------------

could'nt solve from the top to the bottom, now trying from the bottom to the top
   427   239   815
   235   148   796
   198   765   243

   352   497   168
   619   382   457
   784   516   932

   841   623   579
   523   971   684
   976   854   321

--------------------------------------------------</StdOut>
      </Output>
    </UnitTestResult>
    <UnitTestResult executionId="8806a207-bddb-4b31-bdf1-27eb08377f3e" testId="329e78eb-e663-a6e9-caf1-bd2844d2ddc2" testName="IsValidChars4" computerName="DESKTOP-7MOBQBS" duration="00:00:00.0001978" startTime="2019-12-15T12:59:06.4809380+02:00" endTime="2019-12-15T12:59:06.4859538+02:00" testType="13cdc9d9-ddb5-4fa4-a97d-d965ccfc6d4b" outcome="Passed" testListId="8c84fa94-04c1-424b-9868-57a2d4851a1d" relativeResultsDirectory="8806a207-bddb-4b31-bdf1-27eb08377f3e">
    </UnitTestResult>
    <UnitTestResult executionId="a4199a36-3daa-4199-841d-ac95367709f7" testId="35b20383-7aba-84ea-9fdb-566312433b02" testName="TwoInTheSameRow4" computerName="DESKTOP-7MOBQBS" duration="00:00:00.0001599" startTime="2019-12-15T12:59:06.4943321+02:00" endTime="2019-12-15T12:59:06.4989271+02:00" testType="13cdc9d9-ddb5-4fa4-a97d-d965ccfc6d4b" outcome="Passed" testListId="8c84fa94-04c1-424b-9868-57a2d4851a1d" relativeResultsDirectory="a4199a36-3daa-4199-841d-ac95367709f7">
    </UnitTestResult>
    <UnitTestResult executionId="b77533c4-f35a-4b5d-979f-c4f89866cfba" testId="55876bce-8e44-1982-7531-1e8023be9097" testName="TwoInTheSameQube9" computerName="DESKTOP-7MOBQBS" duration="00:00:00.0006593" startTime="2019-12-15T12:59:06.5064083+02:00" endTime="2019-12-15T12:59:06.5118901+02:00" testType="13cdc9d9-ddb5-4fa4-a97d-d965ccfc6d4b" outcome="Passed" testListId="8c84fa94-04c1-424b-9868-57a2d4851a1d" relativeResultsDirectory="b77533c4-f35a-4b5d-979f-c4f89866cfba">
    </UnitTestResult>
    <UnitTestResult executionId="813a3a2c-e784-4224-a0cc-9433a49c21af" testId="5a061105-f521-fc0c-d3e2-118591c03af0" testName="TwoInTheSameQube16" computerName="DESKTOP-7MOBQBS" duration="00:00:00.0001599" startTime="2019-12-15T12:59:06.5195316+02:00" endTime="2019-12-15T12:59:06.5238523+02:00" testType="13cdc9d9-ddb5-4fa4-a97d-d965ccfc6d4b" outcome="Passed" testListId="8c84fa94-04c1-424b-9868-57a2d4851a1d" relativeResultsDirectory="813a3a2c-e784-4224-a0cc-9433a49c21af">
    </UnitTestResult>
    <UnitTestResult executionId="2a40b212-1c99-4d88-81e1-bcbe57556bbd" testId="62c6abe9-0cbb-cb66-2424-35f835d334e4" testName="TwoInTheSameCol4" computerName="DESKTOP-7MOBQBS" duration="00:00:00.0001623" startTime="2019-12-15T12:59:06.5310006+02:00" endTime="2019-12-15T12:59:06.5382431+02:00" testType="13cdc9d9-ddb5-4fa4-a97d-d965ccfc6d4b" outcome="Passed" testListId="8c84fa94-04c1-424b-9868-57a2d4851a1d" relativeResultsDirectory="2a40b212-1c99-4d88-81e1-bcbe57556bbd">
    </UnitTestResult>
    <UnitTestResult executionId="2bc5c2df-edd7-4584-b059-6e8ca8bf2aac" testId="6feebbe4-2963-7bec-307d-20e4c7513250" testName="TwoInTheSameCol9" computerName="DESKTOP-7MOBQBS" duration="00:00:00.0001597" startTime="2019-12-15T12:59:06.5453268+02:00" endTime="2019-12-15T12:59:06.5502276+02:00" testType="13cdc9d9-ddb5-4fa4-a97d-d965ccfc6d4b" outcome="Passed" testListId="8c84fa94-04c1-424b-9868-57a2d4851a1d" relativeResultsDirectory="2bc5c2df-edd7-4584-b059-6e8ca8bf2aac">
    </UnitTestResult>
    <UnitTestResult executionId="8ef3b965-82bf-42d8-a7cb-f3495cf821a2" testId="8df69ff8-f383-2b96-c168-aa94fd4db8ac" testName="TooShortInput4" computerName="DESKTOP-7MOBQBS" duration="00:00:00.0002806" startTime="2019-12-15T12:59:06.5577311+02:00" endTime="2019-12-15T12:59:06.5629741+02:00" testType="13cdc9d9-ddb5-4fa4-a97d-d965ccfc6d4b" outcome="Passed" testListId="8c84fa94-04c1-424b-9868-57a2d4851a1d" relativeResultsDirectory="8ef3b965-82bf-42d8-a7cb-f3495cf821a2">
      <Output>
        <StdOut>the length of the board is not possible
15</StdOut>
      </Output>
    </UnitTestResult>
    <UnitTestResult executionId="251cf125-ab43-457b-af50-ccc1ec887507" testId="97c72afe-f547-9d65-d0c5-62d7d7259d26" testName="TooLongInput16" computerName="DESKTOP-7MOBQBS" duration="00:00:00.0002283" startTime="2019-12-15T12:59:06.5709602+02:00" endTime="2019-12-15T12:59:06.5757055+02:00" testType="13cdc9d9-ddb5-4fa4-a97d-d965ccfc6d4b" outcome="Passed" testListId="8c84fa94-04c1-424b-9868-57a2d4851a1d" relativeResultsDirectory="251cf125-ab43-457b-af50-ccc1ec887507">
      <Output>
        <StdOut>the length of the board is not possible
257</StdOut>
      </Output>
    </UnitTestResult>
    <UnitTestResult executionId="66005cf5-5aea-42f9-86ae-5474eac416c4" testId="aef834a5-d771-c734-7e70-75146013f44f" testName="TwoInTheSameRow16" computerName="DESKTOP-7MOBQBS" duration="00:00:00.0001621" startTime="2019-12-15T12:59:06.5836815+02:00" endTime="2019-12-15T12:59:06.5886509+02:00" testType="13cdc9d9-ddb5-4fa4-a97d-d965ccfc6d4b" outcome="Passed" testListId="8c84fa94-04c1-424b-9868-57a2d4851a1d" relativeResultsDirectory="66005cf5-5aea-42f9-86ae-5474eac416c4">
    </UnitTestResult>
    <UnitTestResult executionId="be7d1de3-fe95-4a90-86ba-6ab517846577" testId="b6a2024f-ba10-bed8-196a-e9e4bfd345b1" testName="onlyzeros9" computerName="DESKTOP-7MOBQBS" duration="00:00:00.0037226" startTime="2019-12-15T12:59:06.5963402+02:00" endTime="2019-12-15T12:59:06.6046419+02:00" testType="13cdc9d9-ddb5-4fa4-a97d-d965ccfc6d4b" outcome="Passed" testListId="8c84fa94-04c1-424b-9868-57a2d4851a1d" relativeResultsDirectory="be7d1de3-fe95-4a90-86ba-6ab517846577">
      <Output>
        <StdOut>000   000   000
   000   000   000
   000   000   000

   000   000   000
   000   000   000
   000   000   000

   000   000   000
   000   000   000
   000   000   000

--------------------------------------------------

   123   456   789
   456   789   123
   789   123   456

   214   365   897
   365   897   214
   897   214   365

   531   642   978
   642   978   531
   978   531   642

--------------------------------------------------</StdOut>
      </Output>
    </UnitTestResult>
    <UnitTestResult executionId="b463aee7-0896-41a8-8de7-224ec2ee6136" testId="c3c59379-94ec-1a8d-f74d-634da1ea66d2" testName="TwoInTheSameCol16" computerName="DESKTOP-7MOBQBS" duration="00:00:00.0001635" startTime="2019-12-15T12:59:06.6115891+02:00" endTime="2019-12-15T12:59:06.6168968+02:00" testType="13cdc9d9-ddb5-4fa4-a97d-d965ccfc6d4b" outcome="Passed" testListId="8c84fa94-04c1-424b-9868-57a2d4851a1d" relativeResultsDirectory="b463aee7-0896-41a8-8de7-224ec2ee6136">
    </UnitTestResult>
    <UnitTestResult executionId="08046729-2263-4434-b364-fe794ee358ac" testId="c45e9aa7-d85c-1ada-48c9-de6b4914d6b2" testName="IsValidChars9" computerName="DESKTOP-7MOBQBS" duration="00:00:00.0002229" startTime="2019-12-15T12:59:06.6251151+02:00" endTime="2019-12-15T12:59:06.6295782+02:00" testType="13cdc9d9-ddb5-4fa4-a97d-d965ccfc6d4b" outcome="Passed" testListId="8c84fa94-04c1-424b-9868-57a2d4851a1d" relativeResultsDirectory="08046729-2263-4434-b364-fe794ee358ac">
    </UnitTestResult>
    <UnitTestResult executionId="63efa093-2fc8-4975-8aa3-cdab8da5a8d0" testId="cbd87823-e818-d66d-fe7c-320bdad5bddc" testName="TooShortInput16" computerName="DESKTOP-7MOBQBS" duration="00:00:00.0002593" startTime="2019-12-15T12:59:06.6365212+02:00" endTime="2019-12-15T12:59:06.6444999+02:00" testType="13cdc9d9-ddb5-4fa4-a97d-d965ccfc6d4b" outcome="Passed" testListId="8c84fa94-04c1-424b-9868-57a2d4851a1d" relativeResultsDirectory="63efa093-2fc8-4975-8aa3-cdab8da5a8d0">
      <Output>
        <StdOut>the length of the board is not possible
255</StdOut>
      </Output>
    </UnitTestResult>
    <UnitTestResult executionId="7ca779ba-edc2-4511-968e-e5ed2f2bf215" testId="df96f625-499a-cf0c-af49-85b1297baa7b" testName="onlyzeros4" computerName="DESKTOP-7MOBQBS" duration="00:00:00.0002460" startTime="2019-12-15T12:59:06.6516058+02:00" endTime="2019-12-15T12:59:06.6578309+02:00" testType="13cdc9d9-ddb5-4fa4-a97d-d965ccfc6d4b" outcome="Passed" testListId="8c84fa94-04c1-424b-9868-57a2d4851a1d" relativeResultsDirectory="7ca779ba-edc2-4511-968e-e5ed2f2bf215">
      <Output>
        <StdOut>00   00
   00   00

   00   00
   00   00

--------------------------------------------------

   12   34
   34   12

   21   43
   43   21

--------------------------------------------------</StdOut>
      </Output>
    </UnitTestResult>
    <UnitTestResult executionId="f2b1375d-6a15-45fa-a704-69fb011a3c35" testId="e0f478b4-5658-7e2c-1f88-299186ab3b7d" testName="TooLongInput4" computerName="DESKTOP-7MOBQBS" duration="00:00:00.0002059" startTime="2019-12-15T12:59:06.6644469+02:00" endTime="2019-12-15T12:59:06.6704338+02:00" testType="13cdc9d9-ddb5-4fa4-a97d-d965ccfc6d4b" outcome="Passed" testListId="8c84fa94-04c1-424b-9868-57a2d4851a1d" relativeResultsDirectory="f2b1375d-6a15-45fa-a704-69fb011a3c35">
      <Output>
        <StdOut>the length of the board is not possible
17</StdOut>
      </Output>
    </UnitTestResult>
    <UnitTestResult executionId="f17ec5a2-2c93-4e3d-89b7-f5daf630a0c2" testId="e55c9bb3-eef1-1093-9cd9-d2e090473352" testName="TwoInTheSameQube4" computerName="DESKTOP-7MOBQBS" duration="00:00:00.0001813" startTime="2019-12-15T12:59:06.6784686+02:00" endTime="2019-12-15T12:59:06.6824004+02:00" testType="13cdc9d9-ddb5-4fa4-a97d-d965ccfc6d4b" outcome="Passed" testListId="8c84fa94-04c1-424b-9868-57a2d4851a1d" relativeResultsDirectory="f17ec5a2-2c93-4e3d-89b7-f5daf630a0c2">
    </UnitTestResult>
    <UnitTestResult executionId="cea9e3f3-0441-43e3-9888-7ba6850531af" testId="eaea01ee-f5e5-d37a-8a1a-c4f303d171e3" testName="UnSolveAbleTest4" computerName="DESKTOP-7MOBQBS" duration="00:00:00.0025248" startTime="2019-12-15T12:59:06.6909918+02:00" endTime="2019-12-15T12:59:06.6981331+02:00" testType="13cdc9d9-ddb5-4fa4-a97d-d965ccfc6d4b" outcome="Failed" testListId="8c84fa94-04c1-424b-9868-57a2d4851a1d" relativeResultsDirectory="cea9e3f3-0441-43e3-9888-7ba6850531af">
      <Output>
        <StdOut>00   02
   10   00

   02   00
   00   20

--------------------------------------------------

   00   10
   30   00

   03   00
   00   02

--------------------------------------------------

unsolveable
   42   13
   31   24

   23   41
   14   32

--------------------------------------------------</StdOut>
        <ErrorInfo>
          <Message>Assert.AreEqual failed. Expected:&lt;True&gt;. Actual:&lt;False&gt;. </Message>
          <StackTrace>   ב-  TestProject1.solvingTest.UnSolveAbleTest4() ב- C:\Users\rosen\Documents\Visual Studio 2010\Projects\ConsoleApplication1\TestProject1\solvingTest.cs:שורה 29
</StackTrace>
        </ErrorInfo>
      </Output>
    </UnitTestResult>
    <UnitTestResult executionId="c8be9043-a921-4dc3-a8d4-39c50b9888a2" testId="f6a28695-b027-fb73-b83a-8a51e0d5955d" testName="TwoInTheSameRow9" computerName="DESKTOP-7MOBQBS" duration="00:00:00.0002992" startTime="2019-12-15T12:59:06.7073373+02:00" endTime="2019-12-15T12:59:06.7183404+02:00" testType="13cdc9d9-ddb5-4fa4-a97d-d965ccfc6d4b" outcome="Passed" testListId="8c84fa94-04c1-424b-9868-57a2d4851a1d" relativeResultsDirectory="c8be9043-a921-4dc3-a8d4-39c50b9888a2">
    </UnitTestResult>
  </Results>
</TestRun>