<?xml version="1.0" encoding="UTF-8"?>
<TestRun id="ca809eea-2fbc-402e-ad6f-f89fbd2fc414" name="rosen@DESKTOP-7MOBQBS 2019-12-13 14:37:41" runUser="DESKTOP-7MOBQBS\rosen" xmlns="http://microsoft.com/schemas/VisualStudio/TeamTest/2010">
  <TestSettings name="Local" id="6a8507cf-6f11-4766-b96a-4723efafde01">
    <Description>These are default test settings for a local test run.</Description>
    <Deployment enabled="false" runDeploymentRoot="rosen_DESKTOP-7MOBQBS 2019-12-13 14_37_41">
      <DeploymentItem filename="C:\Users\rosen\Documents\Visual Studio 2010\Projects\ConsoleApplication1\ConsoleApplication1\bin\Debug\ConsoleApplication1.exe" />
    </Deployment>
    <Execution>
      <TestTypeSpecific />
      <AgentRule name="Execution Agents">
      </AgentRule>
    </Execution>
  </TestSettings>
  <Times creation="2019-12-13T14:37:41.4723885+02:00" queuing="2019-12-13T14:37:47.4535615+02:00" start="2019-12-13T14:37:47.4735083+02:00" finish="2019-12-13T14:37:52.5474338+02:00" />
  <ResultSummary outcome="Completed">
    <Counters total="12" executed="12" passed="12" error="0" failed="0" timeout="0" aborted="0" inconclusive="0" passedButRunAborted="0" notRunnable="0" notExecuted="0" disconnected="0" warning="0" completed="0" inProgress="0" pending="0" />
  </ResultSummary>
  <TestDefinitions>
    <UnitTest name="TooShortInput4" storage="c:\users\rosen\documents\visual studio 2010\projects\consoleapplication1\testproject1\bin\debug\testproject1.dll" id="8df69ff8-f383-2b96-c168-aa94fd4db8ac">
      <Execution id="bef157cf-0758-4b1e-93ba-93560ddf7c49" />
      <TestMethod codeBase="C:/Users/rosen/Documents/Visual Studio 2010/Projects/ConsoleApplication1/TestProject1/bin/Debug/TestProject1.DLL" adapterTypeName="Microsoft.VisualStudio.TestTools.TestTypes.Unit.UnitTestAdapter, Microsoft.VisualStudio.QualityTools.Tips.UnitTest.Adapter, Version=10.0.0.0, Culture=neutral, PublicKeyToken=b03f5f7f11d50a3a" className="TestProject1.validityTest, TestProject1, Version=1.0.0.0, Culture=neutral, PublicKeyToken=null" name="TooShortInput4" />
    </UnitTest>
    <UnitTest name="TooLongInput4" storage="c:\users\rosen\documents\visual studio 2010\projects\consoleapplication1\testproject1\bin\debug\testproject1.dll" id="e0f478b4-5658-7e2c-1f88-299186ab3b7d">
      <Execution id="288f97c8-ae76-4d7b-9743-514294e57c7e" />
      <TestMethod codeBase="C:/Users/rosen/Documents/Visual Studio 2010/Projects/ConsoleApplication1/TestProject1/bin/Debug/TestProject1.DLL" adapterTypeName="Microsoft.VisualStudio.TestTools.TestTypes.Unit.UnitTestAdapter, Microsoft.VisualStudio.QualityTools.Tips.UnitTest.Adapter, Version=10.0.0.0, Culture=neutral, PublicKeyToken=b03f5f7f11d50a3a" className="TestProject1.validityTest, TestProject1, Version=1.0.0.0, Culture=neutral, PublicKeyToken=null" name="TooLongInput4" />
    </UnitTest>
    <UnitTest name="IsValidChars9" storage="c:\users\rosen\documents\visual studio 2010\projects\consoleapplication1\testproject1\bin\debug\testproject1.dll" id="c45e9aa7-d85c-1ada-48c9-de6b4914d6b2">
      <Execution id="6c970ed4-f82e-40c8-a966-add88ef386a5" />
      <TestMethod codeBase="C:/Users/rosen/Documents/Visual Studio 2010/Projects/ConsoleApplication1/TestProject1/bin/Debug/TestProject1.DLL" adapterTypeName="Microsoft.VisualStudio.TestTools.TestTypes.Unit.UnitTestAdapter, Microsoft.VisualStudio.QualityTools.Tips.UnitTest.Adapter, Version=10.0.0.0, Culture=neutral, PublicKeyToken=b03f5f7f11d50a3a" className="TestProject1.validityTest, TestProject1, Version=1.0.0.0, Culture=neutral, PublicKeyToken=null" name="IsValidChars9" />
    </UnitTest>
    <UnitTest name="IsValidChars16" storage="c:\users\rosen\documents\visual studio 2010\projects\consoleapplication1\testproject1\bin\debug\testproject1.dll" id="2372d109-2360-1d26-7465-0d23f8f9b151">
      <Execution id="00ca62ec-3214-4355-830b-d72057e5e9e7" />
      <TestMethod codeBase="C:/Users/rosen/Documents/Visual Studio 2010/Projects/ConsoleApplication1/TestProject1/bin/Debug/TestProject1.DLL" adapterTypeName="Microsoft.VisualStudio.TestTools.TestTypes.Unit.UnitTestAdapter, Microsoft.VisualStudio.QualityTools.Tips.UnitTest.Adapter, Version=10.0.0.0, Culture=neutral, PublicKeyToken=b03f5f7f11d50a3a" className="TestProject1.validityTest, TestProject1, Version=1.0.0.0, Culture=neutral, PublicKeyToken=null" name="IsValidChars16" />
    </UnitTest>
    <UnitTest name="UnSolveAbleTest9" storage="c:\users\rosen\documents\visual studio 2010\projects\consoleapplication1\testproject1\bin\debug\testproject1.dll" id="0ca53926-0d94-0769-9ce7-b663926f1250">
      <Execution id="075af322-e1e7-4d2d-bd5c-487bda00ef66" />
      <TestMethod codeBase="C:/Users/rosen/Documents/Visual Studio 2010/Projects/ConsoleApplication1/TestProject1/bin/Debug/TestProject1.DLL" adapterTypeName="Microsoft.VisualStudio.TestTools.TestTypes.Unit.UnitTestAdapter, Microsoft.VisualStudio.QualityTools.Tips.UnitTest.Adapter, Version=10.0.0.0, Culture=neutral, PublicKeyToken=b03f5f7f11d50a3a" className="TestProject1.solvingTest, TestProject1, Version=1.0.0.0, Culture=neutral, PublicKeyToken=null" name="UnSolveAbleTest9" />
    </UnitTest>
    <UnitTest name="TooLongInput16" storage="c:\users\rosen\documents\visual studio 2010\projects\consoleapplication1\testproject1\bin\debug\testproject1.dll" id="97c72afe-f547-9d65-d0c5-62d7d7259d26">
      <Execution id="8e2e8e18-646c-436b-8dae-05efae587dcf" />
      <TestMethod codeBase="C:/Users/rosen/Documents/Visual Studio 2010/Projects/ConsoleApplication1/TestProject1/bin/Debug/TestProject1.DLL" adapterTypeName="Microsoft.VisualStudio.TestTools.TestTypes.Unit.UnitTestAdapter, Microsoft.VisualStudio.QualityTools.Tips.UnitTest.Adapter, Version=10.0.0.0, Culture=neutral, PublicKeyToken=b03f5f7f11d50a3a" className="TestProject1.validityTest, TestProject1, Version=1.0.0.0, Culture=neutral, PublicKeyToken=null" name="TooLongInput16" />
    </UnitTest>
    <UnitTest name="IsValidChars4" storage="c:\users\rosen\documents\visual studio 2010\projects\consoleapplication1\testproject1\bin\debug\testproject1.dll" id="329e78eb-e663-a6e9-caf1-bd2844d2ddc2">
      <Execution id="70edbfa7-1067-4e81-9d45-1d3b957fa441" />
      <TestMethod codeBase="C:/Users/rosen/Documents/Visual Studio 2010/Projects/ConsoleApplication1/TestProject1/bin/Debug/TestProject1.DLL" adapterTypeName="Microsoft.VisualStudio.TestTools.TestTypes.Unit.UnitTestAdapter, Microsoft.VisualStudio.QualityTools.Tips.UnitTest.Adapter, Version=10.0.0.0, Culture=neutral, PublicKeyToken=b03f5f7f11d50a3a" className="TestProject1.validityTest, TestProject1, Version=1.0.0.0, Culture=neutral, PublicKeyToken=null" name="IsValidChars4" />
    </UnitTest>
    <UnitTest name="NeedToGoBackwards9" storage="c:\users\rosen\documents\visual studio 2010\projects\consoleapplication1\testproject1\bin\debug\testproject1.dll" id="2abde411-34d1-a312-d00c-dabf038eb433">
      <Execution id="19abf8ef-ecb4-4890-aeb4-16fdd5732cf8" />
      <TestMethod codeBase="C:/Users/rosen/Documents/Visual Studio 2010/Projects/ConsoleApplication1/TestProject1/bin/Debug/TestProject1.DLL" adapterTypeName="Microsoft.VisualStudio.TestTools.TestTypes.Unit.UnitTestAdapter, Microsoft.VisualStudio.QualityTools.Tips.UnitTest.Adapter, Version=10.0.0.0, Culture=neutral, PublicKeyToken=b03f5f7f11d50a3a" className="TestProject1.solvingTest, TestProject1, Version=1.0.0.0, Culture=neutral, PublicKeyToken=null" name="NeedToGoBackwards9" />
    </UnitTest>
    <UnitTest name="TooLongInput9" storage="c:\users\rosen\documents\visual studio 2010\projects\consoleapplication1\testproject1\bin\debug\testproject1.dll" id="2187cdc3-0661-7ce4-9090-eb62f45b3e43">
      <Execution id="0e31211c-2bc8-4a72-b36b-9130fbf543c4" />
      <TestMethod codeBase="C:/Users/rosen/Documents/Visual Studio 2010/Projects/ConsoleApplication1/TestProject1/bin/Debug/TestProject1.DLL" adapterTypeName="Microsoft.VisualStudio.TestTools.TestTypes.Unit.UnitTestAdapter, Microsoft.VisualStudio.QualityTools.Tips.UnitTest.Adapter, Version=10.0.0.0, Culture=neutral, PublicKeyToken=b03f5f7f11d50a3a" className="TestProject1.validityTest, TestProject1, Version=1.0.0.0, Culture=neutral, PublicKeyToken=null" name="TooLongInput9" />
    </UnitTest>
    <UnitTest name="TooShortInput9" storage="c:\users\rosen\documents\visual studio 2010\projects\consoleapplication1\testproject1\bin\debug\testproject1.dll" id="17a26a32-da8c-6c11-7dca-e5909634cd62">
      <Execution id="d1bb8bca-521d-420a-9bd8-7539ec506faa" />
      <TestMethod codeBase="C:/Users/rosen/Documents/Visual Studio 2010/Projects/ConsoleApplication1/TestProject1/bin/Debug/TestProject1.DLL" adapterTypeName="Microsoft.VisualStudio.TestTools.TestTypes.Unit.UnitTestAdapter, Microsoft.VisualStudio.QualityTools.Tips.UnitTest.Adapter, Version=10.0.0.0, Culture=neutral, PublicKeyToken=b03f5f7f11d50a3a" className="TestProject1.validityTest, TestProject1, Version=1.0.0.0, Culture=neutral, PublicKeyToken=null" name="TooShortInput9" />
    </UnitTest>
    <UnitTest name="TooShortInput16" storage="c:\users\rosen\documents\visual studio 2010\projects\consoleapplication1\testproject1\bin\debug\testproject1.dll" id="cbd87823-e818-d66d-fe7c-320bdad5bddc">
      <Execution id="ecfd5760-a8a9-4432-b671-19647f1765d3" />
      <TestMethod codeBase="C:/Users/rosen/Documents/Visual Studio 2010/Projects/ConsoleApplication1/TestProject1/bin/Debug/TestProject1.DLL" adapterTypeName="Microsoft.VisualStudio.TestTools.TestTypes.Unit.UnitTestAdapter, Microsoft.VisualStudio.QualityTools.Tips.UnitTest.Adapter, Version=10.0.0.0, Culture=neutral, PublicKeyToken=b03f5f7f11d50a3a" className="TestProject1.validityTest, TestProject1, Version=1.0.0.0, Culture=neutral, PublicKeyToken=null" name="TooShortInput16" />
    </UnitTest>
    <UnitTest name="UnSolveAbleTest4" storage="c:\users\rosen\documents\visual studio 2010\projects\consoleapplication1\testproject1\bin\debug\testproject1.dll" id="eaea01ee-f5e5-d37a-8a1a-c4f303d171e3">
      <Execution id="1a6b5598-09d6-4599-8373-6c842644b605" />
      <TestMethod codeBase="C:/Users/rosen/Documents/Visual Studio 2010/Projects/ConsoleApplication1/TestProject1/bin/Debug/TestProject1.DLL" adapterTypeName="Microsoft.VisualStudio.TestTools.TestTypes.Unit.UnitTestAdapter, Microsoft.VisualStudio.QualityTools.Tips.UnitTest.Adapter, Version=10.0.0.0, Culture=neutral, PublicKeyToken=b03f5f7f11d50a3a" className="TestProject1.solvingTest, TestProject1, Version=1.0.0.0, Culture=neutral, PublicKeyToken=null" name="UnSolveAbleTest4" />
    </UnitTest>
  </TestDefinitions>
  <TestLists>
    <TestList name="Results Not in a List" id="8c84fa94-04c1-424b-9868-57a2d4851a1d" />
    <TestList name="All Loaded Results" id="19431567-8539-422a-85d7-44ee4e166bda" />
  </TestLists>
  <TestEntries>
    <TestEntry testId="0ca53926-0d94-0769-9ce7-b663926f1250" executionId="075af322-e1e7-4d2d-bd5c-487bda00ef66" testListId="8c84fa94-04c1-424b-9868-57a2d4851a1d" />
    <TestEntry testId="17a26a32-da8c-6c11-7dca-e5909634cd62" executionId="d1bb8bca-521d-420a-9bd8-7539ec506faa" testListId="8c84fa94-04c1-424b-9868-57a2d4851a1d" />
    <TestEntry testId="2187cdc3-0661-7ce4-9090-eb62f45b3e43" executionId="0e31211c-2bc8-4a72-b36b-9130fbf543c4" testListId="8c84fa94-04c1-424b-9868-57a2d4851a1d" />
    <TestEntry testId="2372d109-2360-1d26-7465-0d23f8f9b151" executionId="00ca62ec-3214-4355-830b-d72057e5e9e7" testListId="8c84fa94-04c1-424b-9868-57a2d4851a1d" />
    <TestEntry testId="2abde411-34d1-a312-d00c-dabf038eb433" executionId="19abf8ef-ecb4-4890-aeb4-16fdd5732cf8" testListId="8c84fa94-04c1-424b-9868-57a2d4851a1d" />
    <TestEntry testId="329e78eb-e663-a6e9-caf1-bd2844d2ddc2" executionId="70edbfa7-1067-4e81-9d45-1d3b957fa441" testListId="8c84fa94-04c1-424b-9868-57a2d4851a1d" />
    <TestEntry testId="8df69ff8-f383-2b96-c168-aa94fd4db8ac" executionId="bef157cf-0758-4b1e-93ba-93560ddf7c49" testListId="8c84fa94-04c1-424b-9868-57a2d4851a1d" />
    <TestEntry testId="97c72afe-f547-9d65-d0c5-62d7d7259d26" executionId="8e2e8e18-646c-436b-8dae-05efae587dcf" testListId="8c84fa94-04c1-424b-9868-57a2d4851a1d" />
    <TestEntry testId="c45e9aa7-d85c-1ada-48c9-de6b4914d6b2" executionId="6c970ed4-f82e-40c8-a966-add88ef386a5" testListId="8c84fa94-04c1-424b-9868-57a2d4851a1d" />
    <TestEntry testId="cbd87823-e818-d66d-fe7c-320bdad5bddc" executionId="ecfd5760-a8a9-4432-b671-19647f1765d3" testListId="8c84fa94-04c1-424b-9868-57a2d4851a1d" />
    <TestEntry testId="e0f478b4-5658-7e2c-1f88-299186ab3b7d" executionId="288f97c8-ae76-4d7b-9743-514294e57c7e" testListId="8c84fa94-04c1-424b-9868-57a2d4851a1d" />
    <TestEntry testId="eaea01ee-f5e5-d37a-8a1a-c4f303d171e3" executionId="1a6b5598-09d6-4599-8373-6c842644b605" testListId="8c84fa94-04c1-424b-9868-57a2d4851a1d" />
  </TestEntries>
  <Results>
    <UnitTestResult executionId="075af322-e1e7-4d2d-bd5c-487bda00ef66" testId="0ca53926-0d94-0769-9ce7-b663926f1250" testName="UnSolveAbleTest9" computerName="DESKTOP-7MOBQBS" duration="00:00:01.6572317" startTime="2019-12-13T14:37:47.4844788+02:00" endTime="2019-12-13T14:37:49.3716014+02:00" testType="13cdc9d9-ddb5-4fa4-a97d-d965ccfc6d4b" outcome="Passed" testListId="8c84fa94-04c1-424b-9868-57a2d4851a1d" relativeResultsDirectory="075af322-e1e7-4d2d-bd5c-487bda00ef66">
      <Output>
        <StdOut>516   849   732
   307   605   000
   809   700   065

   135   060   907
   472   591   006
   968   370   050

   253   186   074
   684   207   500
   791   050   608

--------------------------------------------------

   090   107   000
   010   090   045
   003   200   000

   300   000   060
   062   000   300
   005   000   009

   000   602   000
   000   000   000
   049   000   057

--------------------------------------------------

unsolveable
   496   157   832
   218   396   745
   753   284   196

   374   928   561
   962   415   378
   185   763   429

   531   672   984
   827   549   613
   649   831   257

--------------------------------------------------</StdOut>
      </Output>
    </UnitTestResult>
    <UnitTestResult executionId="d1bb8bca-521d-420a-9bd8-7539ec506faa" testId="17a26a32-da8c-6c11-7dca-e5909634cd62" testName="TooShortInput9" computerName="DESKTOP-7MOBQBS" duration="00:00:00.0009959" startTime="2019-12-13T14:37:49.3775850+02:00" endTime="2019-12-13T14:37:49.3835674+02:00" testType="13cdc9d9-ddb5-4fa4-a97d-d965ccfc6d4b" outcome="Passed" testListId="8c84fa94-04c1-424b-9868-57a2d4851a1d" relativeResultsDirectory="d1bb8bca-521d-420a-9bd8-7539ec506faa">
      <Output>
        <StdOut>the length of the board is not possible
79</StdOut>
      </Output>
    </UnitTestResult>
    <UnitTestResult executionId="0e31211c-2bc8-4a72-b36b-9130fbf543c4" testId="2187cdc3-0661-7ce4-9090-eb62f45b3e43" testName="TooLongInput9" computerName="DESKTOP-7MOBQBS" duration="00:00:00.0001596" startTime="2019-12-13T14:37:49.3895542+02:00" endTime="2019-12-13T14:37:49.3945718+02:00" testType="13cdc9d9-ddb5-4fa4-a97d-d965ccfc6d4b" outcome="Passed" testListId="8c84fa94-04c1-424b-9868-57a2d4851a1d" relativeResultsDirectory="0e31211c-2bc8-4a72-b36b-9130fbf543c4">
      <Output>
        <StdOut>the length of the board is not possible
82</StdOut>
      </Output>
    </UnitTestResult>
    <UnitTestResult executionId="00ca62ec-3214-4355-830b-d72057e5e9e7" testId="2372d109-2360-1d26-7465-0d23f8f9b151" testName="IsValidChars16" computerName="DESKTOP-7MOBQBS" duration="00:00:00.0002189" startTime="2019-12-13T14:37:49.3997747+02:00" endTime="2019-12-13T14:37:49.4057606+02:00" testType="13cdc9d9-ddb5-4fa4-a97d-d965ccfc6d4b" outcome="Passed" testListId="8c84fa94-04c1-424b-9868-57a2d4851a1d" relativeResultsDirectory="00ca62ec-3214-4355-830b-d72057e5e9e7">
    </UnitTestResult>
    <UnitTestResult executionId="19abf8ef-ecb4-4890-aeb4-16fdd5732cf8" testId="2abde411-34d1-a312-d00c-dabf038eb433" testName="NeedToGoBackwards9" computerName="DESKTOP-7MOBQBS" duration="00:00:03.0149461" startTime="2019-12-13T14:37:49.4107817+02:00" endTime="2019-12-13T14:37:52.4309789+02:00" testType="13cdc9d9-ddb5-4fa4-a97d-d965ccfc6d4b" outcome="Passed" testListId="8c84fa94-04c1-424b-9868-57a2d4851a1d" relativeResultsDirectory="19abf8ef-ecb4-4890-aeb4-16fdd5732cf8">
      <Output>
        <StdOut>400   000   805
   030   000   000
   000   700   000

   000   000   060
   000   080   400
   000   010   000

   000   603   070
   500   000   000
   000   000   000

--------------------------------------------------

could'nt solve from the top to the bottom, now trying from the bottom to the top
   427   239   815
   235   148   796
   198   765   243

   352   497   168
   619   382   457
   784   516   932

   841   623   579
   523   971   684
   976   854   321

--------------------------------------------------</StdOut>
      </Output>
    </UnitTestResult>
    <UnitTestResult executionId="70edbfa7-1067-4e81-9d45-1d3b957fa441" testId="329e78eb-e663-a6e9-caf1-bd2844d2ddc2" testName="IsValidChars4" computerName="DESKTOP-7MOBQBS" duration="00:00:00.0002112" startTime="2019-12-13T14:37:52.4359618+02:00" endTime="2019-12-13T14:37:52.4409487+02:00" testType="13cdc9d9-ddb5-4fa4-a97d-d965ccfc6d4b" outcome="Passed" testListId="8c84fa94-04c1-424b-9868-57a2d4851a1d" relativeResultsDirectory="70edbfa7-1067-4e81-9d45-1d3b957fa441">
    </UnitTestResult>
    <UnitTestResult executionId="bef157cf-0758-4b1e-93ba-93560ddf7c49" testId="8df69ff8-f383-2b96-c168-aa94fd4db8ac" testName="TooShortInput4" computerName="DESKTOP-7MOBQBS" duration="00:00:00.0001381" startTime="2019-12-13T14:37:52.4469028+02:00" endTime="2019-12-13T14:37:52.4509236+02:00" testType="13cdc9d9-ddb5-4fa4-a97d-d965ccfc6d4b" outcome="Passed" testListId="8c84fa94-04c1-424b-9868-57a2d4851a1d" relativeResultsDirectory="bef157cf-0758-4b1e-93ba-93560ddf7c49">
      <Output>
        <StdOut>the length of the board is not possible
15</StdOut>
      </Output>
    </UnitTestResult>
    <UnitTestResult executionId="8e2e8e18-646c-436b-8dae-05efae587dcf" testId="97c72afe-f547-9d65-d0c5-62d7d7259d26" testName="TooLongInput16" computerName="DESKTOP-7MOBQBS" duration="00:00:00.0002376" startTime="2019-12-13T14:37:52.4558771+02:00" endTime="2019-12-13T14:37:52.4598982+02:00" testType="13cdc9d9-ddb5-4fa4-a97d-d965ccfc6d4b" outcome="Passed" testListId="8c84fa94-04c1-424b-9868-57a2d4851a1d" relativeResultsDirectory="8e2e8e18-646c-436b-8dae-05efae587dcf">
      <Output>
        <StdOut>the length of the board is not possible
257</StdOut>
      </Output>
    </UnitTestResult>
    <UnitTestResult executionId="6c970ed4-f82e-40c8-a966-add88ef386a5" testId="c45e9aa7-d85c-1ada-48c9-de6b4914d6b2" testName="IsValidChars9" computerName="DESKTOP-7MOBQBS" duration="00:00:00.0001387" startTime="2019-12-13T14:37:52.4652376+02:00" endTime="2019-12-13T14:37:52.4692628+02:00" testType="13cdc9d9-ddb5-4fa4-a97d-d965ccfc6d4b" outcome="Passed" testListId="8c84fa94-04c1-424b-9868-57a2d4851a1d" relativeResultsDirectory="6c970ed4-f82e-40c8-a966-add88ef386a5">
    </UnitTestResult>
    <UnitTestResult executionId="ecfd5760-a8a9-4432-b671-19647f1765d3" testId="cbd87823-e818-d66d-fe7c-320bdad5bddc" testName="TooShortInput16" computerName="DESKTOP-7MOBQBS" duration="00:00:00.0002926" startTime="2019-12-13T14:37:52.5005592+02:00" endTime="2019-12-13T14:37:52.5055474+02:00" testType="13cdc9d9-ddb5-4fa4-a97d-d965ccfc6d4b" outcome="Passed" testListId="8c84fa94-04c1-424b-9868-57a2d4851a1d" relativeResultsDirectory="ecfd5760-a8a9-4432-b671-19647f1765d3">
      <Output>
        <StdOut>the length of the board is not possible
255</StdOut>
      </Output>
    </UnitTestResult>
    <UnitTestResult executionId="288f97c8-ae76-4d7b-9743-514294e57c7e" testId="e0f478b4-5658-7e2c-1f88-299186ab3b7d" testName="TooLongInput4" computerName="DESKTOP-7MOBQBS" duration="00:00:00.0002382" startTime="2019-12-13T14:37:52.5125274+02:00" endTime="2019-12-13T14:37:52.5175142+02:00" testType="13cdc9d9-ddb5-4fa4-a97d-d965ccfc6d4b" outcome="Passed" testListId="8c84fa94-04c1-424b-9868-57a2d4851a1d" relativeResultsDirectory="288f97c8-ae76-4d7b-9743-514294e57c7e">
      <Output>
        <StdOut>the length of the board is not possible
17</StdOut>
      </Output>
    </UnitTestResult>
    <UnitTestResult executionId="1a6b5598-09d6-4599-8373-6c842644b605" testId="eaea01ee-f5e5-d37a-8a1a-c4f303d171e3" testName="UnSolveAbleTest4" computerName="DESKTOP-7MOBQBS" duration="00:00:00.0004970" startTime="2019-12-13T14:37:52.5244971+02:00" endTime="2019-12-13T14:37:52.5295152+02:00" testType="13cdc9d9-ddb5-4fa4-a97d-d965ccfc6d4b" outcome="Passed" testListId="8c84fa94-04c1-424b-9868-57a2d4851a1d" relativeResultsDirectory="1a6b5598-09d6-4599-8373-6c842644b605">
      <Output>
        <StdOut>00   02
   10   00

   02   00
   00   20

--------------------------------------------------

   00   10
   30   00

   03   00
   00   02

--------------------------------------------------

unsolveable
   42   13
   31   24

   23   41
   14   32

--------------------------------------------------</StdOut>
      </Output>
    </UnitTestResult>
  </Results>
</TestRun>